Windows PowerShell
Copyright (C) Microsoft Corporation. All rights reserved.

Install the latest PowerShell for new features and improvements! https://aka.ms/PSWindows

PS C:\Users\sutli\Documents\Current Classes\FullStackOpen\Intro To Github> git init
Initialized empty Git repository in C:/Users/sutli/Documents/Current Classes/FullStackOpen/Intro To Github/.git/
PS C:\Users\sutli\Documents\Current Classes\FullStackOpen\Intro To Github> touch newfile.txt
touch : The term 'touch' is not recognized as the name of a cmdlet,
function, script file, or operable program. Check the spelling of the
name, or if a path was included, verify that the path is correct and
try again.
At line:1 char:1
+ touch newfile.txt
+ ~~~~~
    + CategoryInfo          : ObjectNotFound: (touch:String) [], Comma
   ndNotFoundException
    + FullyQualifiedErrorId : CommandNotFoundException

PS C:\Users\sutli\Documents\Current Classes\FullStackOpen\Intro To Github> ls


    Directory: C:\Users\sutli\Documents\Current
    Classes\FullStackOpen\Intro To Github


Mode                 LastWriteTime         Length Name
----                 -------------         ------ ----
-a----        12/27/2025   8:28 AM              0 newfile.txt


PS C:\Users\sutli\Documents\Current Classes\FullStackOpen\Intro To Github> gitstatus
gitstatus : The term 'gitstatus' is not recognized as the name of a
cmdlet, function, script file, or operable program. Check the spelling
of the name, or if a path was included, verify that the path is
correct and try again.
At line:1 char:1
+ gitstatus
+ ~~~~~~~~~
    + CategoryInfo          : ObjectNotFound: (gitstatus:String) [], C
   ommandNotFoundException
    + FullyQualifiedErrorId : CommandNotFoundException

PS C:\Users\sutli\Documents\Current Classes\FullStackOpen\Intro To Github> git status
On branch master

No commits yet

Untracked files:
  (use "git add <file>..." to include in what will be committed)
        newfile.txt

nothing added to commit but untracked files present (use "git add" to track)
PS C:\Users\sutli\Documents\Current Classes\FullStackOpen\Intro To Github> git add newfile.txt
PS C:\Users\sutli\Documents\Current Classes\FullStackOpen\Intro To Github> git status
On branch master

No commits yet

Changes to be committed:
  (use "git rm --cached <file>..." to unstage)
        new file:   newfile.txt

PS C:\Users\sutli\Documents\Current Classes\FullStackOpen\Intro To Github> git commit -m "My First Commit"
[master (root-commit) 7143faa] My First Commit
 1 file changed, 0 insertions(+), 0 deletions(-)
 create mode 100644 newfile.txt
PS C:\Users\sutli\Documents\Current Classes\FullStackOpen\Intro To Github> git checkout -b "My New Branch"
fatal: 'My New Branch' is not a valid branch name
hint: See `man git check-ref-format`
hint: Disable this message with "git config set advice.refSyntax false"
PS C:\Users\sutli\Documents\Current Classes\FullStackOpen\Intro To Github> git checkout "My-New-Branch"
error: pathspec 'My-New-Branch' did not match any file(s) known to git
PS C:\Users\sutli\Documents\Current Classes\FullStackOpen\Intro To Github> git checkout -b "My-New-Branch"
Switched to a new branch 'My-New-Branch'
PS C:\Users\sutli\Documents\Current Classes\FullStackOpen\Intro To Github> git branch
* My-New-Branch
  master
PS C:\Users\sutli\Documents\Current Classes\FullStackOpen\Intro To Github> git remote add origin https://github.com/D7G0N/Full-Stack-Open.git
PS C:\Users\sutli\Documents\Current Classes\FullStackOpen\Intro To Github> git branch -M main
PS C:\Users\sutli\Documents\Current Classes\FullStackOpen\Intro To Github> git push -u origin main
info: please complete authentication in your browser...
Enumerating objects: 3, done.
Counting objects: 100% (3/3), done.
Writing objects: 100% (3/3), 212 bytes | 212.00 KiB/s, done.
Total 3 (delta 0), reused 0 (delta 0), pack-reused 0 (from 0)
To https://github.com/D7G0N/Full-Stack-Open.git
 * [new branch]      main -> main
branch 'main' set up to track 'origin/main'.
PS C:\Users\sutli\Documents\Current Classes\FullStackOpen\Intro To Github> git branch -b "My-New-Branch"
error: unknown switch `b'
usage: git branch [<options>] [-r | -a] [--merged] [--no-merged]
   or: git branch [<options>] [-f] [--recurse-submodules] <branch-name>[<start-point>]
   or: git branch [<options>] [-l] [<pattern>...]
   or: git branch [<options>] [-r] (-d | -D) <branch-name>...
   or: git branch [<options>] (-m | -M) [<old-branch>] <new-branch>
   or: git branch [<options>] (-c | -C) [<old-branch>] <new-branch>
   or: git branch [<options>] [-r | -a] [--points-at]
   or: git branch [<options>] [-r | -a] [--format]

Generic options
    -v, --[no-]verbose    show hash and subject, give twice for upstream branch
    -q, --[no-]quiet      suppress informational messages
    -t, --[no-]track[=(direct|inherit)]
                          set branch tracking configuration
    -u, --[no-]set-upstream-to <upstream>
                          change the upstream info
    --[no-]unset-upstream unset the upstream info
    --[no-]color[=<when>] use colored output
    -r, --remotes         act on remote-tracking branches
    --contains <commit>   print only branches that contain the commit
    --no-contains <commit>
                          print only branches that don't contain the commit
    --[no-]abbrev[=<n>]   use <n> digits to display object names

Specific git-branch actions:
    -a, --all             list both remote-tracking and local branches
    -d, --[no-]delete     delete fully merged branch
    -D                    delete branch (even if not merged)
    -m, --[no-]move       move/rename a branch and its reflog
    -M                    move/rename a branch, even if target exists
    --[no-]omit-empty     do not output a newline after empty formattedrefs
    -c, --[no-]copy       copy a branch and its reflog
    -C                    copy a branch, even if target exists
    -l, --[no-]list       list branch names
    --[no-]show-current   show current branch name
    --[no-]create-reflog  create the branch's reflog
    --[no-]edit-description
                          edit the description for the branch
    -f, --[no-]force      force creation, move/rename, deletion
    --merged <commit>     print only branches that are merged
    --no-merged <commit>  print only branches that are not merged
    --[no-]column[=<style>]
                          list branches in columns
    --[no-]sort <key>     field name to sort on
    --[no-]points-at <object>
                          print only branches of the object
    -i, --[no-]ignore-case
                          sorting and filtering are case insensitive
    --[no-]recurse-submodules
                          recurse through submodules
    --[no-]format <format>
                          format to use for the output

PS C:\Users\sutli\Documents\Current Classes\FullStackOpen\Intro To Github> git branch
* main
  master
PS C:\Users\sutli\Documents\Current Classes\FullStackOpen\Intro To Github> ls


    Directory: C:\Users\sutli\Documents\Current
    Classes\FullStackOpen\Intro To Github


Mode                 LastWriteTime         Length Name
----                 -------------         ------ ----
-a----        12/27/2025   8:52 AM              0 filetopush.txt
-a----        12/27/2025   8:28 AM              0 newfile.txt


PS C:\Users\sutli\Documents\Current Classes\FullStackOpen\Intro To Github> git status
On branch main
Your branch is up to date with 'origin/main'.

Untracked files:
  (use "git add <file>..." to include in what will be committed)
        filetopush.txt

nothing added to commit but untracked files present (use "git add" to track)
PS C:\Users\sutli\Documents\Current Classes\FullStackOpen\Intro To Github> git add filetopush.txt
PS C:\Users\sutli\Documents\Current Classes\FullStackOpen\Intro To Github> git status
On branch main
Your branch is up to date with 'origin/main'.

Changes to be committed:
  (use "git restore --staged <file>..." to unstage)
        new file:   filetopush.txt

PS C:\Users\sutli\Documents\Current Classes\FullStackOpen\Intro To Github> git commit
[main 4ae15c1] "Trying to push a file"
 1 file changed, 0 insertions(+), 0 deletions(-)
 create mode 100644 filetopush.txt
PS C:\Users\sutli\Documents\Current Classes\FullStackOpen\Intro To Github> git push origin main
Enumerating objects: 3, done.
Counting objects: 100% (3/3), done.
Delta compression using up to 8 threads
Compressing objects: 100% (2/2), done.
Writing objects: 100% (2/2), 252 bytes | 252.00 KiB/s, done.
Total 2 (delta 0), reused 0 (delta 0), pack-reused 0 (from 0)
To https://github.com/D7G0N/Full-Stack-Open.git
   7143faa..4ae15c1  main -> main
PS C:\Users\sutli\Documents\Current Classes\FullStackOpen\Intro To Github> git checkout -b "TryAgain"
Switched to a new branch 'TryAgain'
PS C:\Users\sutli\Documents\Current Classes\FullStackOpen\Intro To Github> git status
On branch TryAgain
Changes not staged for commit:
  (use "git add <file>..." to update what will be committed)
  (use "git restore <file>..." to discard changes in working directory)
        modified:   filetopush.txt

no changes added to commit (use "git add" and/or "git commit -a")
PS C:\Users\sutli\Documents\Current Classes\FullStackOpen\Intro To Github> git add filetopush.txt
PS C:\Users\sutli\Documents\Current Classes\FullStackOpen\Intro To Github> git commit
[TryAgain be72c9d] "TRying to push a branch"
 1 file changed, 1 insertion(+)
PS C:\Users\sutli\Documents\Current Classes\FullStackOpen\Intro To Github> git push origin TryAgain
Enumerating objects: 5, done.
Counting objects: 100% (5/5), done.
Delta compression using up to 8 threads
Compressing objects: 100% (2/2), done.
Writing objects: 100% (3/3), 314 bytes | 314.00 KiB/s, done.
Total 3 (delta 0), reused 0 (delta 0), pack-reused 0 (from 0)
remote:
remote: Create a pull request for 'TryAgain' on GitHub by visiting:
remote:      https://github.com/D7G0N/Full-Stack-Open/pull/new/TryAgain
remote:
To https://github.com/D7G0N/Full-Stack-Open.git
 * [new branch]      TryAgain -> TryAgain
PS C:\Users\sutli\Documents\Current Classes\FullStackOpen\Intro To Github> git pull
remote: Enumerating objects: 1, done.
remote: Counting objects: 100% (1/1), done.
remote: Total 1 (delta 0), reused 0 (delta 0), pack-reused 0 (from 0)
Unpacking objects: 100% (1/1), 912 bytes | 228.00 KiB/s, done.
From https://github.com/D7G0N/Full-Stack-Open
   4ae15c1..9f99905  main       -> origin/main
There is no tracking information for the current branch.
Please specify which branch you want to merge with.
See git-pull(1) for details.

    git pull <remote> <branch>

If you wish to set tracking information for this branch you can do so with:

    git branch --set-upstream-to=origin/<branch> TryAgain

PS C:\Users\sutli\Documents\Current Classes\FullStackOpen\Intro To Github> git checkout -b main
fatal: a branch named 'main' already exists
PS C:\Users\sutli\Documents\Current Classes\FullStackOpen\Intro To Github> git checkout main
Switched to branch 'main'
Your branch is behind 'origin/main' by 2 commits, and can be fast-forwarded.
  (use "git pull" to update your local branch)
PS C:\Users\sutli\Documents\Current Classes\FullStackOpen\Intro To Github> git pull origin main
From https://github.com/D7G0N/Full-Stack-Open
 * branch            main       -> FETCH_HEAD
Updating 4ae15c1..9f99905
Fast-forward
 filetopush.txt | 1 +
 1 file changed, 1 insertion(+)
PS C:\Users\sutli\Documents\Current Classes\FullStackOpen\Intro To Github> git status
On branch main
Your branch is up to date with 'origin/main'.

nothing to commit, working tree clean
PS C:\Users\sutli\Documents\Current Classes\FullStackOpen\Intro To Github> git branch -M "IntroToGit"
PS C:\Users\sutli\Documents\Current Classes\FullStackOpen\Intro To Github> git status
On branch IntroToGit
Your branch is up to date with 'origin/main'.

nothing to commit, working tree clean
PS C:\Users\sutli\Documents\Current Classes\FullStackOpen\Intro To Github> git log
commit 9f999056976b24639c1df08b3dcb38a34d9c83a7 (HEAD -> IntroToGit, origin/main, origin/HEAD)
Merge: 4ae15c1 be72c9d
Author: Cardboard Dragon <124474599+D7G0N@users.noreply.github.com>
Date:   Sat Dec 27 09:05:08 2025 -0500

    Merge pull request #1 from D7G0N/TryAgain

    "Trying to push a branch"

commit be72c9d20b8dd22db3aa0818d56286f3468192d8 (origin/TryAgain, TryAgain)
Author: csutliff <csutliff@iu.edu>
Date:   Sat Dec 27 09:00:18 2025 -0500

    "TRying to push a branch"

commit 4ae15c1c19585172af99b82465927960238f247f
Author: csutliff <csutliff@iu.edu>
Date:   Sat Dec 27 08:54:02 2025 -0500

    "Trying to push a file"

commit 7143faab2906d4320a4db6705b52192d37f9c64d (master)
Author: csutliff <csutliff@iu.edu>
Date:   Sat Dec 27 08:33:41 2025 -0500

    My First Commit
PS C:\Users\sutli\Documents\Current Classes\FullStackOpen\Intro To Github>
